MPLINK 4.49, Linker
Linker Map File - Created Sun Nov 18 22:23:25 2018

                                 Section Info
                  Section       Type    Address   Location Size(Bytes)
                ---------  ---------  ---------  ---------  ---------
                   .org_0       code   0x000000    program   0x000000
                   .org_1       code   0x000000    program   0x000002
                   .org_2       code   0x000004    program   0x0000a8



                              Program Memory Usage 
                               Start         End      
                           ---------   ---------      
                            0x000000    0x000000      
                            0x000004    0x000057      
            85 out of 8454 program addresses used, program memory utilization is 1%



                              Symbols - Sorted by Name
                     Name    Address   Location    Storage File                     
                ---------  ---------  ---------  --------- ---------                
                ANA_METOT   0x00001b    program     static D:\mikroislemciler\2018GuzDonemi\51.uygulama\uygulama-51.asm
         DONUSTURME_METOT   0x000042    program     static D:\mikroislemciler\2018GuzDonemi\51.uygulama\uygulama-51.asm
                  GECIKME   0x00004f    program     static D:\mikroislemciler\2018GuzDonemi\51.uygulama\uygulama-51.asm
              KESME_METOT   0x000004    program     static D:\mikroislemciler\2018GuzDonemi\51.uygulama\uygulama-51.asm
                  KONTROL   0x00004e    program     static D:\mikroislemciler\2018GuzDonemi\51.uygulama\uygulama-51.asm
               LED_SONDUR   0x000044    program     static D:\mikroislemciler\2018GuzDonemi\51.uygulama\uygulama-51.asm
                  LED_YAK   0x000049    program     static D:\mikroislemciler\2018GuzDonemi\51.uygulama\uygulama-51.asm
                  TEKRAR1   0x000051    program     static D:\mikroislemciler\2018GuzDonemi\51.uygulama\uygulama-51.asm
                  TEKRAR2   0x000053    program     static D:\mikroislemciler\2018GuzDonemi\51.uygulama\uygulama-51.asm



                              Symbols - Sorted by Address
                     Name    Address   Location    Storage File                     
                ---------  ---------  ---------  --------- ---------                
              KESME_METOT   0x000004    program     static D:\mikroislemciler\2018GuzDonemi\51.uygulama\uygulama-51.asm
                ANA_METOT   0x00001b    program     static D:\mikroislemciler\2018GuzDonemi\51.uygulama\uygulama-51.asm
         DONUSTURME_METOT   0x000042    program     static D:\mikroislemciler\2018GuzDonemi\51.uygulama\uygulama-51.asm
               LED_SONDUR   0x000044    program     static D:\mikroislemciler\2018GuzDonemi\51.uygulama\uygulama-51.asm
                  LED_YAK   0x000049    program     static D:\mikroislemciler\2018GuzDonemi\51.uygulama\uygulama-51.asm
                  KONTROL   0x00004e    program     static D:\mikroislemciler\2018GuzDonemi\51.uygulama\uygulama-51.asm
                  GECIKME   0x00004f    program     static D:\mikroislemciler\2018GuzDonemi\51.uygulama\uygulama-51.asm
                  TEKRAR1   0x000051    program     static D:\mikroislemciler\2018GuzDonemi\51.uygulama\uygulama-51.asm
                  TEKRAR2   0x000053    program     static D:\mikroislemciler\2018GuzDonemi\51.uygulama\uygulama-51.asm


